[2026-09-20 16:45:58,898] 48 __main__ -INFO -TRAINING PIPELINE STARTED .................
[2026-09-20 16:45:58,899] 23 src.components.data_ingestion -INFO -Data Ingestion started....
[2026-09-20 16:45:58,908] 26 src.components.data_ingestion -INFO -Data read successfullywith shape: (100, 6)
[2026-09-20 16:45:58,926] 31 src.components.data_ingestion -INFO -Performing train-test-split
[2026-09-20 16:45:59,061] 37 src.components.data_ingestion -INFO -Data Ingestion completed successfully...
[2026-09-20 16:45:59,063] 67 src.components.data_transformation -INFO -finaly train  and test data are loaded .....
[2026-09-20 16:45:59,066] 57 src.components.data_transformation -INFO -preprocessor object create successfully ....
[2026-09-20 16:45:59,066] 76 src.components.data_transformation -INFO -applying the preprocessor on train and test data ......
[2026-09-20 16:45:59,085] 15 src.utils -INFO -Object saved successfully at : artifacts\preprocessor.pkl
[2026-09-20 16:45:59,085] 88 src.components.data_transformation -INFO -save the object in preprocessor.pkl
[2026-09-20 16:45:59,086] 80 src.components.model_trainer -INFO -Spliting train and test input data 
[2026-09-20 16:45:59,124] 34 src.utils -INFO -LogisticRegression -> Test Accuracy: 0.45
[2026-09-20 16:45:59,188] 34 src.utils -INFO -RandomForestClassifier -> Test Accuracy: 0.39
[2026-09-20 16:45:59,190] 34 src.utils -INFO -DecsionTreeClassifier -> Test Accuracy: 0.47
[2026-09-20 16:45:59,195] 34 src.utils -INFO -KnighborsClassifier -> Test Accuracy: 0.47
[2026-09-20 16:45:59,195] 97 src.components.model_trainer -INFO -complete the evaluate_models .....
[2026-09-20 16:45:59,195] 99 src.components.model_trainer -INFO - my best accuracy of model 0.47...
[2026-09-20 16:45:59,195] 101 src.components.model_trainer -INFO -my best model name --> DecsionTreeClassifier
[2026-09-20 16:45:59,197] 15 src.utils -INFO -Object saved successfully at : artifacts\model.pkl
[2026-09-20 16:45:59,197] 108 src.components.model_trainer -INFO -successfully save my model in model.pkl file DecsionTreeClassifier...
[2026-09-20 16:45:59,197] 61 __main__ -INFO -TRAINING PIPELINE COMPELETED  best model --> 0.475 accuracy -->DecsionTreeClassifier
